npx : FAIL 
src/services/employeeService.test.ts
At line:1 char:1
+ npx jest --no-cache --verbose > 
test_output.txt 2>&1
+ ~~~~~~~~~~~~~~~~~~~~~~~~~~~~~~~~~~~~~~
~~~~~~~~~~~~~~
    + CategoryInfo          : NotSpecif 
   ied: (FAIL src/servic...Service.tes  
  t.ts:String) [], RemoteException
    + FullyQualifiedErrorId : NativeCom 
   mandError
 
  ΓùÅ Test suite failed to run

    [96msrc/services/employeeService.te
st.ts[0m:[93m6[0m:[93m1[0m - 
[91merror[0m[90m TS2304: [0mCannot 
find name 'jest'.

    [7m6[0m 
jest.mock('@config/postgres');
    [7m [0m [91m~~~~[0m
    [96msrc/services/employeeService.te
st.ts[0m:[93m7[0m:[93m1[0m - 
[91merror[0m[90m TS2304: [0mCannot 
find name 'jest'.

    [7m7[0m 
jest.mock('@config/redis');
    [7m [0m [91m~~~~[0m
    [96msrc/services/employeeService.te
st.ts[0m:[93m9[0m:[93m1[0m - 
[91merror[0m[90m TS2593: [0mCannot 
find name 'describe'. Do you need to 
install type definitions for a test 
runner? Try `npm i --save-dev 
@types/jest` or `npm i --save-dev 
@types/mocha` and then add 'jest' or 
'mocha' to the types field in your 
tsconfig.

    [7m9[0m 
describe('EmployeeService', () => {
    [7m [0m [91m~~~~~~~~[0m
    [96msrc/services/employeeService.te
st.ts[0m:[93m11[0m:[93m22[0m - 
[91merror[0m[90m TS2503: [0mCannot 
find namespace 'jest'.

    [7m11[0m     let mockDbQuery: 
jest.Mock;
    [7m  [0m [91m                    
 ~~~~[0m
    [96msrc/services/employeeService.te
st.ts[0m:[93m12[0m:[93m23[0m - 
[91merror[0m[90m TS2503: [0mCannot 
find namespace 'jest'.

    [7m12[0m     let mockRedisGet: 
jest.Mock;
    [7m  [0m [91m                    
  ~~~~[0m
    [96msrc/services/employeeService.te
st.ts[0m:[93m13[0m:[93m25[0m - 
[91merror[0m[90m TS2503: [0mCannot 
find namespace 'jest'.

    [7m13[0m     let mockRedisSetex: 
jest.Mock;
    [7m  [0m [91m                    
    ~~~~[0m
    [96msrc/services/employeeService.te
st.ts[0m:[93m14[0m:[93m23[0m - 
[91merror[0m[90m TS2503: [0mCannot 
find namespace 'jest'.

    [7m14[0m     let mockRedisDel: 
jest.Mock;
    [7m  [0m [91m                    
  ~~~~[0m
    [96msrc/services/employeeService.te
st.ts[0m:[93m16[0m:[93m5[0m - 
[91merror[0m[90m TS2304: [0mCannot 
find name 'beforeEach'.

    [7m16[0m     beforeEach(() => {
    [7m  [0m [91m    ~~~~~~~~~~[0m
    [96msrc/services/employeeService.te
st.ts[0m:[93m18[0m:[93m23[0m - 
[91merror[0m[90m TS2304: [0mCannot 
find name 'jest'.

    [7m18[0m         mockDbQuery = 
jest.fn();
    [7m  [0m [91m                    
  ~~~~[0m
    [96msrc/services/employeeService.te
st.ts[0m:[93m19[0m:[93m25[0m - 
[91merror[0m[90m TS2503: [0mCannot 
find namespace 'jest'.

    [7m19[0m         (getPostgres as 
jest.Mock).mockReturnValue({
    [7m  [0m [91m                    
    ~~~~[0m
    [96msrc/services/employeeService.te
st.ts[0m:[93m23[0m:[93m24[0m - 
[91merror[0m[90m TS2304: [0mCannot 
find name 'jest'.

    [7m23[0m         mockRedisGet = 
jest.fn();
    [7m  [0m [91m                    
   ~~~~[0m
    [96msrc/services/employeeService.te
st.ts[0m:[93m24[0m:[93m26[0m - 
[91merror[0m[90m TS2304: [0mCannot 
find name 'jest'.

    [7m24[0m         mockRedisSetex = 
jest.fn();
    [7m  [0m [91m                    
     ~~~~[0m
    [96msrc/services/employeeService.te
st.ts[0m:[93m25[0m:[93m24[0m - 
[91merror[0m[90m TS2304: [0mCannot 
find name 'jest'.

    [7m25[0m         mockRedisDel = 
jest.fn();
    [7m  [0m [91m                    
   ~~~~[0m
    [96msrc/services/employeeService.te
st.ts[0m:[93m26[0m:[93m22[0m - 
[91merror[0m[90m TS2503: [0mCannot 
find namespace 'jest'.

    [7m26[0m         (getRedis as 
jest.Mock).mockReturnValue({
    [7m  [0m [91m                    
 ~~~~[0m
    [96msrc/services/employeeService.te
st.ts[0m:[93m35[0m:[93m5[0m - 
[91merror[0m[90m TS2304: [0mCannot 
find name 'afterEach'.

    [7m35[0m     afterEach(() => {
    [7m  [0m [91m    ~~~~~~~~~[0m
    [96msrc/services/employeeService.te
st.ts[0m:[93m36[0m:[93m9[0m - 
[91merror[0m[90m TS2304: [0mCannot 
find name 'jest'.

    [7m36[0m         
jest.clearAllMocks();
    [7m  [0m [91m        ~~~~[0m
    [96msrc/services/employeeService.te
st.ts[0m:[93m39[0m:[93m5[0m - 
[91merror[0m[90m TS2593: [0mCannot 
find name 'describe'. Do you need to 
install type definitions for a test 
runner? Try `npm i --save-dev 
@types/jest` or `npm i --save-dev 
@types/mocha` and then add 'jest' or 
'mocha' to the types field in your 
tsconfig.

    [7m39[0m     
describe('listEmployees', () => {
    [7m  [0m [91m    ~~~~~~~~[0m
    [96msrc/services/employeeService.te
st.ts[0m:[93m40[0m:[93m9[0m - 
[91merror[0m[90m TS2593: [0mCannot 
find name 'it'. Do you need to install 
type definitions for a test runner? Try 
`npm i --save-dev @types/jest` or `npm 
i --save-dev @types/mocha` and then add 
'jest' or 'mocha' to the types field in 
your tsconfig.

    [7m40[0m         it('should 
return list of employees with 
pagination', async () => {
    [7m  [0m [91m        ~~[0m
    [96msrc/services/employeeService.te
st.ts[0m:[93m54[0m:[93m76[0m - 
[91merror[0m[90m TS2345: 
[0mArgument of type 'number' is not 
assignable to parameter of type 
'string'.

    [7m54[0m             const result 
= await employeeService.listEmployees('t
enant-1', 1, 20);
    [7m  [0m [91m                    
                                        
               ~[0m
    [96msrc/services/employeeService.te
st.ts[0m:[93m56[0m:[93m13[0m - 
[91merror[0m[90m TS2304: [0mCannot 
find name 'expect'.

    [7m56[0m             expect(result
.employees).toEqual(mockEmployees);
    [7m  [0m [91m            
~~~~~~[0m
    [96msrc/services/employeeService.te
st.ts[0m:[93m57[0m:[93m13[0m - 
[91merror[0m[90m TS2304: [0mCannot 
find name 'expect'.

    [7m57[0m             
expect(result.total).toBe(1);
    [7m  [0m [91m            
~~~~~~[0m
    [96msrc/services/employeeService.te
st.ts[0m:[93m58[0m:[93m13[0m - 
[91merror[0m[90m TS2304: [0mCannot 
find name 'expect'.

    [7m58[0m             expect(mockDb
Query).toHaveBeenCalledTimes(2);
    [7m  [0m [91m            
~~~~~~[0m
    [96msrc/services/employeeService.te
st.ts[0m:[93m61[0m:[93m9[0m - 
[91merror[0m[90m TS2593: [0mCannot 
find name 'it'. Do you need to install 
type definitions for a test runner? Try 
`npm i --save-dev @types/jest` or `npm 
i --save-dev @types/mocha` and then add 
'jest' or 'mocha' to the types field in 
your tsconfig.

    [7m61[0m         it('should apply 
filters', async () => {
    [7m  [0m [91m        ~~[0m
    [96msrc/services/employeeService.te
st.ts[0m:[93m65[0m:[93m61[0m - 
[91merror[0m[90m TS2345: 
[0mArgument of type 'number' is not 
assignable to parameter of type 
'string'.

    [7m65[0m             await employe
eService.listEmployees('tenant-1', 1, 
20, {
    [7m  [0m [91m                    
                                        
~[0m
    [96msrc/services/employeeService.te
st.ts[0m:[93m69[0m:[93m13[0m - 
[91merror[0m[90m TS2304: [0mCannot 
find name 'expect'.

    [7m69[0m             
expect(mockDbQuery).toHaveBeenCalled();
    [7m  [0m [91m            
~~~~~~[0m
    [96msrc/services/employeeService.te
st.ts[0m:[93m71[0m:[93m13[0m - 
[91merror[0m[90m TS2304: [0mCannot 
find name 'expect'.

    [7m71[0m             expect(query)
.toContain('employment_status');
    [7m  [0m [91m            
~~~~~~[0m
    [96msrc/services/employeeService.te
st.ts[0m:[93m75[0m:[93m5[0m - 
[91merror[0m[90m TS2593: [0mCannot 
find name 'describe'. Do you need to 
install type definitions for a test 
runner? Try `npm i --save-dev 
@types/jest` or `npm i --save-dev 
@types/mocha` and then add 'jest' or 
'mocha' to the types field in your 
tsconfig.

    [7m75[0m     
describe('getEmployee', () => {
    [7m  [0m [91m    ~~~~~~~~[0m
    [96msrc/services/employeeService.te
st.ts[0m:[93m76[0m:[93m9[0m - 
[91merror[0m[90m TS2593: [0mCannot 
find name 'it'. Do you need to install 
type definitions for a test runner? Try 
`npm i --save-dev @types/jest` or `npm 
i --save-dev @types/mocha` and then add 
'jest' or 'mocha' to the types field in 
your tsconfig.

    [7m76[0m         it('should 
return employee from cache if 
available', async () => {
    [7m  [0m [91m        ~~[0m
    [96msrc/services/employeeService.te
st.ts[0m:[93m84[0m:[93m50[0m - 
[91merror[0m[90m TS2554: 
[0mExpected 3 arguments, but got 2.

    [7m84[0m             const result 
= await 
employeeService.getEmployee('tenant-1', 
'1');
    [7m  [0m [91m                    
                             
~~~~~~~~~~~[0m

      [96msrc/services/employeeService.
ts[0m:[93m59[0m:[93m61[0m
        [7m59[0m     async 
getEmployee(tenantId: string, 
schemaName: string, employeeId: 
string): Promise<Employee | null> {
        [7m  [0m [96m                
                                        
    ~~~~~~~~~~~~~~~~~~[0m
        An argument for 'employeeId' 
was not provided.
    [96msrc/services/employeeService.te
st.ts[0m:[93m86[0m:[93m13[0m - 
[91merror[0m[90m TS2304: [0mCannot 
find name 'expect'.

    [7m86[0m             
expect(result).toEqual(employee);
    [7m  [0m [91m            
~~~~~~[0m
    [96msrc/services/employeeService.te
st.ts[0m:[93m87[0m:[93m13[0m - 
[91merror[0m[90m TS2304: [0mCannot 
find name 'expect'.

    [7m87[0m             expect(mockRe
disGet).toHaveBeenCalledWith('employee:t
enant-1:1');
    [7m  [0m [91m            
~~~~~~[0m
    [96msrc/services/employeeService.te
st.ts[0m:[93m88[0m:[93m13[0m - 
[91merror[0m[90m TS2304: [0mCannot 
find name 'expect'.

    [7m88[0m             expect(mockDb
Query).not.toHaveBeenCalled();
    [7m  [0m [91m            
~~~~~~[0m
    [96msrc/services/employeeService.te
st.ts[0m:[93m91[0m:[93m9[0m - 
[91merror[0m[90m TS2593: [0mCannot 
find name 'it'. Do you need to install 
type definitions for a test runner? Try 
`npm i --save-dev @types/jest` or `npm 
i --save-dev @types/mocha` and then add 
'jest' or 'mocha' to the types field in 
your tsconfig.

    [7m91[0m         it('should fetch 
from database if not cached', async () 
=> {
    [7m  [0m [91m        ~~[0m
    [96msrc/services/employeeService.te
st.ts[0m:[93m100[0m:[93m50[0m - 
[91merror[0m[90m TS2554: 
[0mExpected 3 arguments, but got 2.

    [7m100[0m             const 
result = await 
employeeService.getEmployee('tenant-1', 
'1');
    [7m   [0m [91m                   
                              
~~~~~~~~~~~[0m

      [96msrc/services/employeeService.
ts[0m:[93m59[0m:[93m61[0m
        [7m59[0m     async 
getEmployee(tenantId: string, 
schemaName: string, employeeId: 
string): Promise<Employee | null> {
        [7m  [0m [96m                
                                        
    ~~~~~~~~~~~~~~~~~~[0m
        An argument for 'employeeId' 
was not provided.
    [96msrc/services/employeeService.te
st.ts[0m:[93m102[0m:[93m13[0m - 
[91merror[0m[90m TS2304: [0mCannot 
find name 'expect'.

    [7m102[0m             
expect(result).toEqual(employee);
    [7m   [0m [91m            
~~~~~~[0m
    [96msrc/services/employeeService.te
st.ts[0m:[93m103[0m:[93m13[0m - 
[91merror[0m[90m TS2304: [0mCannot 
find name 'expect'.

    [7m103[0m             
expect(mockDbQuery).toHaveBeenCalled();
    [7m   [0m [91m            
~~~~~~[0m
    [96msrc/services/employeeService.te
st.ts[0m:[93m104[0m:[93m13[0m - 
[91merror[0m[90m TS2304: [0mCannot 
find name 'expect'.

    [7m104[0m             expect(mockR
edisSetex).toHaveBeenCalledWith(
    [7m   [0m [91m            
~~~~~~[0m
    [96msrc/services/employeeService.te
st.ts[0m:[93m111[0m:[93m9[0m - 
[91merror[0m[90m TS2593: [0mCannot 
find name 'it'. Do you need to install 
type definitions for a test runner? Try 
`npm i --save-dev @types/jest` or `npm 
i --save-dev @types/mocha` and then add 
'jest' or 'mocha' to the types field in 
your tsconfig.

    [7m111[0m         it('should 
return null if employee not found', 
async () => {
    [7m   [0m [91m        ~~[0m
    [96msrc/services/employeeService.te
st.ts[0m:[93m115[0m:[93m50[0m - 
[91merror[0m[90m TS2554: 
[0mExpected 3 arguments, but got 2.

    [7m115[0m             const 
result = await 
employeeService.getEmployee('tenant-1', 
'1');
    [7m   [0m [91m                   
                              
~~~~~~~~~~~[0m

      [96msrc/services/employeeService.
ts[0m:[93m59[0m:[93m61[0m
        [7m59[0m     async 
getEmployee(tenantId: string, 
schemaName: string, employeeId: 
string): Promise<Employee | null> {
        [7m  [0m [96m                
                                        
    ~~~~~~~~~~~~~~~~~~[0m
        An argument for 'employeeId' 
was not provided.
    [96msrc/services/employeeService.te
st.ts[0m:[93m117[0m:[93m13[0m - 
[91merror[0m[90m TS2304: [0mCannot 
find name 'expect'.

    [7m117[0m             
expect(result).toBeNull();
    [7m   [0m [91m            
~~~~~~[0m
    [96msrc/services/employeeService.te
st.ts[0m:[93m121[0m:[93m5[0m - 
[91merror[0m[90m TS2593: [0mCannot 
find name 'describe'. Do you need to 
install type definitions for a test 
runner? Try `npm i --save-dev 
@types/jest` or `npm i --save-dev 
@types/mocha` and then add 'jest' or 
'mocha' to the types field in your 
tsconfig.

    [7m121[0m     
describe('createEmployee', () => {
    [7m   [0m [91m    ~~~~~~~~[0m
    [96msrc/services/employeeService.te
st.ts[0m:[93m122[0m:[93m9[0m - 
[91merror[0m[90m TS2593: [0mCannot 
find name 'it'. Do you need to install 
type definitions for a test runner? Try 
`npm i --save-dev @types/jest` or `npm 
i --save-dev @types/mocha` and then add 
'jest' or 'mocha' to the types field in 
your tsconfig.

    [7m122[0m         it('should 
create an employee successfully', async 
() => {
    [7m   [0m [91m        ~~[0m
    [96msrc/services/employeeService.te
st.ts[0m:[93m137[0m:[93m50[0m - 
[91merror[0m[90m TS2554: 
[0mExpected 4 arguments, but got 3.

    [7m137[0m             const 
result = await employeeService.createEmp
loyee('tenant-1', newEmployee, 
'user-1');
    [7m   [0m [91m                   
                              
~~~~~~~~~~~~~~[0m

      [96msrc/services/employeeService.
ts[0m:[93m95[0m:[93m9[0m
        [7m95[0m         userId: 
string
        [7m  [0m [96m        
~~~~~~~~~~~~~~[0m
        An argument for 'userId' was 
not provided.
    [96msrc/services/employeeService.te
st.ts[0m:[93m139[0m:[93m13[0m - 
[91merror[0m[90m TS2304: [0mCannot 
find name 'expect'.

    [7m139[0m             
expect(result).toEqual(newEmployee);
    [7m   [0m [91m            
~~~~~~[0m
    [96msrc/services/employeeService.te
st.ts[0m:[93m140[0m:[93m13[0m - 
[91merror[0m[90m TS2304: [0mCannot 
find name 'expect'.

    [7m140[0m             
expect(mockDbQuery).toHaveBeenCalled();
    [7m   [0m [91m            
~~~~~~[0m
    [96msrc/services/employeeService.te
st.ts[0m:[93m141[0m:[93m13[0m - 
[91merror[0m[90m TS2304: [0mCannot 
find name 'expect'.

    [7m141[0m             expect(mockR
edisDel).toHaveBeenCalledWith('employees
:tenant-1:list');
    [7m   [0m [91m            
~~~~~~[0m
    [96msrc/services/employeeService.te
st.ts[0m:[93m145[0m:[93m5[0m - 
[91merror[0m[90m TS2593: [0mCannot 
find name 'describe'. Do you need to 
install type definitions for a test 
runner? Try `npm i --save-dev 
@types/jest` or `npm i --save-dev 
@types/mocha` and then add 'jest' or 
'mocha' to the types field in your 
tsconfig.

    [7m145[0m     
describe('updateEmployee', () => {
    [7m   [0m [91m    ~~~~~~~~[0m
    [96msrc/services/employeeService.te
st.ts[0m:[93m146[0m:[93m9[0m - 
[91merror[0m[90m TS2593: [0mCannot 
find name 'it'. Do you need to install 
type definitions for a test runner? Try 
`npm i --save-dev @types/jest` or `npm 
i --save-dev @types/mocha` and then add 
'jest' or 'mocha' to the types field in 
your tsconfig.

    [7m146[0m         it('should 
update employee successfully', async () 
=> {
    [7m   [0m [91m        ~~[0m
    [96msrc/services/employeeService.te
st.ts[0m:[93m155[0m:[93m50[0m - 
[91merror[0m[90m TS2554: 
[0mExpected 5 arguments, but got 4.

    [7m155[0m             const 
result = await 
employeeService.updateEmployee(
    [7m   [0m [91m                   
                              
~~~~~~~~~~~~~~[0m

      [96msrc/services/employeeService.
ts[0m:[93m151[0m:[93m9[0m
        [7m151[0m         userId: 
string
        [7m   [0m [96m        
~~~~~~~~~~~~~~[0m
        An argument for 'userId' was 
not provided.
    [96msrc/services/employeeService.te
st.ts[0m:[93m162[0m:[93m13[0m - 
[91merror[0m[90m TS2304: [0mCannot 
find name 'expect'.

    [7m162[0m             
expect(result).toEqual(updatedEmployee);
    [7m   [0m [91m            
~~~~~~[0m
    [96msrc/services/employeeService.te
st.ts[0m:[93m163[0m:[93m13[0m - 
[91merror[0m[90m TS2304: [0mCannot 
find name 'expect'.

    [7m163[0m             expect(mockR
edisDel).toHaveBeenCalledWith('employee:
tenant-1:1');
    [7m   [0m [91m            
~~~~~~[0m
    [96msrc/services/employeeService.te
st.ts[0m:[93m166[0m:[93m9[0m - 
[91merror[0m[90m TS2593: [0mCannot 
find name 'it'. Do you need to install 
type definitions for a test runner? Try 
`npm i --save-dev @types/jest` or `npm 
i --save-dev @types/mocha` and then add 
'jest' or 'mocha' to the types field in 
your tsconfig.

    [7m166[0m         it('should 
throw error if employee not found', 
async () => {
    [7m   [0m [91m        ~~[0m
    [96msrc/services/employeeService.te
st.ts[0m:[93m169[0m:[93m19[0m - 
[91merror[0m[90m TS2304: [0mCannot 
find name 'expect'.

    [7m169[0m             await 
expect(
    [7m   [0m [91m                  
~~~~~~[0m
    [96msrc/services/employeeService.te
st.ts[0m:[93m170[0m:[93m33[0m - 
[91merror[0m[90m TS2554: 
[0mExpected 5 arguments, but got 4.

    [7m170[0m                 employee
Service.updateEmployee('tenant-1', '1', 
{ first_name: 'Johnny' }, 'user-1')
    [7m   [0m [91m                   
             ~~~~~~~~~~~~~~[0m

      [96msrc/services/employeeService.
ts[0m:[93m151[0m:[93m9[0m
        [7m151[0m         userId: 
string
        [7m   [0m [96m        
~~~~~~~~~~~~~~[0m
        An argument for 'userId' was 
not provided.
    [96msrc/services/employeeService.te
st.ts[0m:[93m175[0m:[93m5[0m - 
[91merror[0m[90m TS2593: [0mCannot 
find name 'describe'. Do you need to 
install type definitions for a test 
runner? Try `npm i --save-dev 
@types/jest` or `npm i --save-dev 
@types/mocha` and then add 'jest' or 
'mocha' to the types field in your 
tsconfig.

    [7m175[0m     
describe('deleteEmployee', () => {
    [7m   [0m [91m    ~~~~~~~~[0m
    [96msrc/services/employeeService.te
st.ts[0m:[93m176[0m:[93m9[0m - 
[91merror[0m[90m TS2593: [0mCannot 
find name 'it'. Do you need to install 
type definitions for a test runner? Try 
`npm i --save-dev @types/jest` or `npm 
i --save-dev @types/mocha` and then add 
'jest' or 'mocha' to the types field in 
your tsconfig.

    [7m176[0m         it('should soft 
delete employee', async () => {
    [7m   [0m [91m        ~~[0m
    [96msrc/services/employeeService.te
st.ts[0m:[93m179[0m:[93m35[0m - 
[91merror[0m[90m TS2554: 
[0mExpected 4 arguments, but got 3.

    [7m179[0m             await employ
eeService.deleteEmployee('tenant-1', 
'1', 'user-1');
    [7m   [0m [91m                   
               ~~~~~~~~~~~~~~[0m

      [96msrc/services/employeeService.
ts[0m:[93m205[0m:[93m84[0m
        [7m205[0m     async 
deleteEmployee(tenantId: string, 
schemaName: string, employeeId: string, 
userId: string): Promise<void> {
        [7m   [0m [96m               
                                        
                            
~~~~~~~~~~~~~~[0m
        An argument for 'userId' was 
not provided.
    [96msrc/services/employeeService.te
st.ts[0m:[93m181[0m:[93m13[0m - 
[91merror[0m[90m TS2304: [0mCannot 
find name 'expect'.

    [7m181[0m             
expect(mockDbQuery).toHaveBeenCalled();
    [7m   [0m [91m            
~~~~~~[0m
    [96msrc/services/employeeService.te
st.ts[0m:[93m182[0m:[93m13[0m - 
[91merror[0m[90m TS2304: [0mCannot 
find name 'expect'.

    [7m182[0m             expect(mockR
edisDel).toHaveBeenCalledWith('employee:
tenant-1:1');
    [7m   [0m [91m            
~~~~~~[0m
    [96msrc/services/employeeService.te
st.ts[0m:[93m185[0m:[93m9[0m - 
[91merror[0m[90m TS2593: [0mCannot 
find name 'it'. Do you need to install 
type definitions for a test runner? Try 
`npm i --save-dev @types/jest` or `npm 
i --save-dev @types/mocha` and then add 
'jest' or 'mocha' to the types field in 
your tsconfig.

    [7m185[0m         it('should 
throw error if employee not found', 
async () => {
    [7m   [0m [91m        ~~[0m
    [96msrc/services/employeeService.te
st.ts[0m:[93m188[0m:[93m19[0m - 
[91merror[0m[90m TS2304: [0mCannot 
find name 'expect'.

    [7m188[0m             await expect
(employeeService.deleteEmployee('tenant-
1', '1', 'user-1')).rejects.toThrow(
    [7m   [0m [91m                  
~~~~~~[0m
    [96msrc/services/employeeService.te
st.ts[0m:[93m188[0m:[93m42[0m - 
[91merror[0m[90m TS2554: 
[0mExpected 4 arguments, but got 3.

    [7m188[0m             await expect
(employeeService.deleteEmployee('tenant-
1', '1', 'user-1')).rejects.toThrow(
    [7m   [0m [91m                   
                      ~~~~~~~~~~~~~~[0m

      [96msrc/services/employeeService.
ts[0m:[93m205[0m:[93m84[0m
        [7m205[0m     async 
deleteEmployee(tenantId: string, 
schemaName: string, employeeId: string, 
userId: string): Promise<void> {
        [7m   [0m [96m               
                                        
                            
~~~~~~~~~~~~~~[0m
        An argument for 'userId' was 
not provided.

Test Suites: 1 failed, 1 total
Tests:       0 total
Snapshots:   0 total
Time:        2.477 s
Ran all test suites.
